
Running 78 tests using 1 worker

  ok  1 [mobile-360] › tests\e2e\qa-explore.spec.ts:18:9 › 반응형·접근성 (FR-007, SC-005) › TC-EX-01 /: 가로 스크롤 없음·터치 영역 44px·치명 접근성 위반 없음 (6.8s)
  ok  2 [mobile-360] › tests\e2e\qa-explore.spec.ts:18:9 › 반응형·접근성 (FR-007, SC-005) › TC-EX-01 /itinerary: 가로 스크롤 없음·터치 영역 44px·치명 접근성 위반 없음 (5.8s)
  ok  3 [mobile-360] › tests\e2e\qa-explore.spec.ts:18:9 › 반응형·접근성 (FR-007, SC-005) › TC-EX-01 /day/d2027-08-04: 가로 스크롤 없음·터치 영역 44px·치명 접근성 위반 없음 (5.1s)
  ok  4 [mobile-360] › tests\e2e\qa-explore.spec.ts:18:9 › 반응형·접근성 (FR-007, SC-005) › TC-EX-01 /day/d2027-08-10: 가로 스크롤 없음·터치 영역 44px·치명 접근성 위반 없음 (4.6s)
  ok  5 [mobile-360] › tests\e2e\qa-explore.spec.ts:18:9 › 반응형·접근성 (FR-007, SC-005) › TC-EX-01 /travel/d2027-08-03: 가로 스크롤 없음·터치 영역 44px·치명 접근성 위반 없음 (5.2s)
  ok  6 [mobile-360] › tests\e2e\qa-explore.spec.ts:18:9 › 반응형·접근성 (FR-007, SC-005) › TC-EX-01 /travel/d2027-08-16: 가로 스크롤 없음·터치 영역 44px·치명 접근성 위반 없음 (4.0s)
  ok  7 [mobile-360] › tests\e2e\qa-explore.spec.ts:18:9 › 반응형·접근성 (FR-007, SC-005) › TC-EX-01 /map: 가로 스크롤 없음·터치 영역 44px·치명 접근성 위반 없음 (5.2s)
  ok  8 [mobile-360] › tests\e2e\qa-explore.spec.ts:18:9 › 반응형·접근성 (FR-007, SC-005) › TC-EX-01 /budget: 가로 스크롤 없음·터치 영역 44px·치명 접근성 위반 없음 (5.9s)
  ok  9 [mobile-360] › tests\e2e\qa-explore.spec.ts:18:9 › 반응형·접근성 (FR-007, SC-005) › TC-EX-01 /packing: 가로 스크롤 없음·터치 영역 44px·치명 접근성 위반 없음 (3.9s)
  ok 10 [mobile-360] › tests\e2e\qa-explore.spec.ts:18:9 › 반응형·접근성 (FR-007, SC-005) › TC-EX-01 /journal: 가로 스크롤 없음·터치 영역 44px·치명 접근성 위반 없음 (12.2s)
  ok 11 [mobile-360] › tests\e2e\qa-explore.spec.ts:18:9 › 반응형·접근성 (FR-007, SC-005) › TC-EX-01 /journal/d2027-08-05: 가로 스크롤 없음·터치 영역 44px·치명 접근성 위반 없음 (3.4s)
  ok 12 [mobile-360] › tests\e2e\qa-explore.spec.ts:18:9 › 반응형·접근성 (FR-007, SC-005) › TC-EX-01 /login: 가로 스크롤 없음·터치 영역 44px·치명 접근성 위반 없음 (4.3s)
  ok 13 [mobile-360] › tests\e2e\qa-explore.spec.ts:18:9 › 반응형·접근성 (FR-007, SC-005) › TC-EX-01 /signup: 가로 스크롤 없음·터치 영역 44px·치명 접근성 위반 없음 (4.5s)
  ok 14 [mobile-360] › tests\e2e\qa-explore.spec.ts:18:9 › 반응형·접근성 (FR-007, SC-005) › TC-EX-01 /admin: 가로 스크롤 없음·터치 영역 44px·치명 접근성 위반 없음 (4.5s)
  ok 15 [mobile-360] › tests\e2e\qa-explore.spec.ts:41:7 › 데이터 많음·정확성 › TC-EX-02 12개 트레킹 Day 상세 모두 8개 필드(거리·획득·하강·시간·점심·숙박·지도·연락)와 고도점 3개 이상 (FR-002·012, SC-002·009a·010) (17.9s)
  ok 16 [mobile-360] › tests\e2e\qa-explore.spec.ts:63:7 › 데이터 많음·정확성 › TC-EX-03 12개 GPX 파일 모두 200·트랙 포함 (FR-018, SC-014) (4.0s)
  ok 17 [mobile-360] › tests\e2e\qa-explore.spec.ts:73:7 › 데이터 많음·정확성 › TC-EX-04 예산: 항목 합계=소계, 예비비 10%, 합계=소계+예비비 (오차 €1 이하) (FR-006, SC-003) (2.0s)
  ok 18 [mobile-360] › tests\e2e\qa-explore.spec.ts:98:7 › 데이터 많음·정확성 › TC-EX-05 개요 지도 화면: 12구간·마커 목록 표시 (FR-011, SC-009b) (2.5s)
  ok 19 [mobile-360] › tests\e2e\qa-explore.spec.ts:105:7 › 데이터 많음·정확성 › TC-EX-06 기록 목록: 12개 Day 링크, 합성 기록이 있는 Day는 건수 표시 (SCR-010, 데이터 있음) (3.2s)
  ok 20 [mobile-360] › tests\e2e\qa-explore.spec.ts:116:7 › 내비게이션·상태 › TC-EX-07 하단 탭/헤더 링크 활성 상태와 이동 (NAV-002~010, 뒤로 가기) (4.2s)
  ok 21 [mobile-360] › tests\e2e\qa-explore.spec.ts:131:7 › 내비게이션·상태 › TC-EX-08 일정 필터 탭 상태가 aria-selected로 전환되고 뒤로 가기 후에도 목록 유지 (SCR-002-EL-04) (3.9s)
  ok 22 [mobile-360] › tests\e2e\qa-explore.spec.ts:144:7 › 내비게이션·상태 › TC-EX-09 Day 이전/다음 링크: Day 1은 이전 비활성, Day 12는 다음 비활성 (SCR-003-EL-25·26, 경계값) (5.8s)
  ok 23 [mobile-360] › tests\e2e\qa-explore.spec.ts:152:7 › 내비게이션·상태 › TC-EX-10 비로그인 계정 메뉴는 '로그인' 링크만, 현재 경로를 next로 전달 (SCR-018-EL-01) (2.6s)
  ok 24 [mobile-360] › tests\e2e\qa-explore.spec.ts:159:7 › 내비게이션·상태 › TC-EX-11 오프라인 안내 화면 /offline: 캐시 없음 문구와 홈 복귀 (SCR-013) (1.7s)
  ok 25 [mobile-360] › tests\e2e\qa-explore.spec.ts:165:7 › 내비게이션·상태 › TC-EX-12 홈은 모든 화면 크기에서 핵심 지표 5개와 빠른 링크 5개 표시 (SCR-001 반응형, SC-005) (3.4s)
  ok 26 [mobile-360] › tests\e2e\qa-explore.spec.ts:174:7 › 내비게이션·상태 › TC-EX-13 키보드 탐색: 로그인 폼 Tab 순서와 비밀번호 표시 토글 (접근성 NFR) (8.8s)
  ok 27 [mobile-360] › tests\e2e\qa-p1.spec.ts:43:7 › P1 인증·입력 검증 › TC-P1-01 로그인 빈 값 제출: 필드 오류·이메일 포커스 (SCR-015, 빈 값) (2.8s)
  ok 28 [mobile-360] › tests\e2e\qa-p1.spec.ts:53:7 › P1 인증·입력 검증 › TC-P1-02 회원가입 입력 검증: 이메일 형식·비밀번호 7자 경계·확인 불일치 (SCR-016, FR-019, 잘못된 입력·경계값) (3.9s)
  ok 29 [mobile-360] › tests\e2e\qa-p1.spec.ts:148:7 › P1 인증·입력 검증 › TC-P1-07 인증 콜백 코드 없음·잘못된 코드 → 경로별 로그인 화면과 오류 문구 (SCR-017, SC-020) (4.7s)
  -  30 [mobile-360] › tests\e2e\qa-p1.spec.ts:161:7 › P1 인증·입력 검증 › TC-P1-08 [차단] 콜백 성공 시 기본 이동 경로 '/' (SYNC-01)
  ok 31 [mobile-360] › tests\e2e\qa-p1.spec.ts:165:7 › P1 인증·입력 검증 › TC-P1-09 리더·팀원 magic link 폼은 존재하고 빈 값 제출 시 클라이언트 검증 (SCR-007·012, 이메일 미발송) (3.9s)
  ok 32 [mobile-360] › tests\e2e\qa-p1.spec.ts:215:7 › P1 세션·이탈·뒤로 가기 › TC-P1-12 손상된 인증 쿠키 값은 오류 화면 없이 비로그인 처리 (잘못된 입력) (7.5s)
  ok 33 [mobile-360] › tests\e2e\qa-p1.spec.ts:469:7 › P1 팀원 기록 › TC-P1-31 기록 없는 Day: '아직 기록이 없습니다.' (SCR-011 빈 상태, 데이터 없음) (1.9s)
  ok 34 [mobile-360] › tests\e2e\qa-p1.spec.ts:583:7 › P1 공개 화면 오류·오프라인 › TC-P1-50 예약 상태 조회 실패: 오류 문구와 마지막 갱신 시각, 화면은 유지 (SCR-003-EL-10, Edge 예약 상태 서버 오류, 서버 오류) (32.8s)
  ok 35 [mobile-360] › tests\e2e\qa-p1.spec.ts:612:7 › P1 공개 화면 오류·오프라인 › TC-P1-52 존재하지 않는 경로·잘못된 dayId는 404 안내와 홈 복귀 링크 (SCR-014, 잘못된 입력) (3.1s)
  ok 36 [mobile-360] › tests\e2e\qa-p1.spec.ts:620:7 › P1 공개 화면 오류·오프라인 › TC-P1-52b 존재하지 않는 경로·dayId의 HTTP 상태는 404 (SCR-011 'Next.js 404 페이지', SCR-014) (387ms)
  ok 37 [mobile-360] › tests\e2e\qa-p1.spec.ts:627:7 › P1 공개 화면 오류·오프라인 › TC-P1-53 관리자 API: 14개 숙박 ID 전부 비로그인 401/403, 존재하지 않는 ID는 5xx 아님 (SC-007, 권한 없는 접근) (3.8s)
  ok 38 [mobile-360] › tests\e2e\qa-p1.spec.ts:639:7 › P1 공개 화면 오류·오프라인 › TC-P1-54 공개 예약 API: 14건·상태 필드만·쓰기 메서드 거부 (SC-007, FR-010) (1.0s)
  ok 39 [mobile-360] › tests\e2e\qa-p1.spec.ts:648:7 › P1 공개 화면 오류·오프라인 › TC-P1-55 production 스모크: SCR-001·006·009·015 200, 콘솔 오류 0건 (SC-024) (7.7s)
  ok 40 [desktop-1440] › tests\e2e\qa-explore.spec.ts:18:9 › 반응형·접근성 (FR-007, SC-005) › TC-EX-01 /: 가로 스크롤 없음·터치 영역 44px·치명 접근성 위반 없음 (5.0s)
  ok 41 [desktop-1440] › tests\e2e\qa-explore.spec.ts:18:9 › 반응형·접근성 (FR-007, SC-005) › TC-EX-01 /itinerary: 가로 스크롤 없음·터치 영역 44px·치명 접근성 위반 없음 (5.7s)
  ok 42 [desktop-1440] › tests\e2e\qa-explore.spec.ts:18:9 › 반응형·접근성 (FR-007, SC-005) › TC-EX-01 /day/d2027-08-04: 가로 스크롤 없음·터치 영역 44px·치명 접근성 위반 없음 (5.0s)
  ok 43 [desktop-1440] › tests\e2e\qa-explore.spec.ts:18:9 › 반응형·접근성 (FR-007, SC-005) › TC-EX-01 /day/d2027-08-10: 가로 스크롤 없음·터치 영역 44px·치명 접근성 위반 없음 (4.3s)
  ok 44 [desktop-1440] › tests\e2e\qa-explore.spec.ts:18:9 › 반응형·접근성 (FR-007, SC-005) › TC-EX-01 /travel/d2027-08-03: 가로 스크롤 없음·터치 영역 44px·치명 접근성 위반 없음 (4.6s)
  ok 45 [desktop-1440] › tests\e2e\qa-explore.spec.ts:18:9 › 반응형·접근성 (FR-007, SC-005) › TC-EX-01 /travel/d2027-08-16: 가로 스크롤 없음·터치 영역 44px·치명 접근성 위반 없음 (5.0s)
  ok 46 [desktop-1440] › tests\e2e\qa-explore.spec.ts:18:9 › 반응형·접근성 (FR-007, SC-005) › TC-EX-01 /map: 가로 스크롤 없음·터치 영역 44px·치명 접근성 위반 없음 (4.6s)
  ok 47 [desktop-1440] › tests\e2e\qa-explore.spec.ts:18:9 › 반응형·접근성 (FR-007, SC-005) › TC-EX-01 /budget: 가로 스크롤 없음·터치 영역 44px·치명 접근성 위반 없음 (6.5s)
  ok 48 [desktop-1440] › tests\e2e\qa-explore.spec.ts:18:9 › 반응형·접근성 (FR-007, SC-005) › TC-EX-01 /packing: 가로 스크롤 없음·터치 영역 44px·치명 접근성 위반 없음 (4.1s)
  ok 49 [desktop-1440] › tests\e2e\qa-explore.spec.ts:18:9 › 반응형·접근성 (FR-007, SC-005) › TC-EX-01 /journal: 가로 스크롤 없음·터치 영역 44px·치명 접근성 위반 없음 (4.8s)
  ok 50 [desktop-1440] › tests\e2e\qa-explore.spec.ts:18:9 › 반응형·접근성 (FR-007, SC-005) › TC-EX-01 /journal/d2027-08-05: 가로 스크롤 없음·터치 영역 44px·치명 접근성 위반 없음 (3.3s)
  ok 51 [desktop-1440] › tests\e2e\qa-explore.spec.ts:18:9 › 반응형·접근성 (FR-007, SC-005) › TC-EX-01 /login: 가로 스크롤 없음·터치 영역 44px·치명 접근성 위반 없음 (5.5s)
  ok 52 [desktop-1440] › tests\e2e\qa-explore.spec.ts:18:9 › 반응형·접근성 (FR-007, SC-005) › TC-EX-01 /signup: 가로 스크롤 없음·터치 영역 44px·치명 접근성 위반 없음 (4.1s)
  ok 53 [desktop-1440] › tests\e2e\qa-explore.spec.ts:18:9 › 반응형·접근성 (FR-007, SC-005) › TC-EX-01 /admin: 가로 스크롤 없음·터치 영역 44px·치명 접근성 위반 없음 (3.8s)
  ok 54 [desktop-1440] › tests\e2e\qa-explore.spec.ts:41:7 › 데이터 많음·정확성 › TC-EX-02 12개 트레킹 Day 상세 모두 8개 필드(거리·획득·하강·시간·점심·숙박·지도·연락)와 고도점 3개 이상 (FR-002·012, SC-002·009a·010) (18.3s)
  ok 55 [desktop-1440] › tests\e2e\qa-explore.spec.ts:63:7 › 데이터 많음·정확성 › TC-EX-03 12개 GPX 파일 모두 200·트랙 포함 (FR-018, SC-014) (515ms)
  ok 56 [desktop-1440] › tests\e2e\qa-explore.spec.ts:73:7 › 데이터 많음·정확성 › TC-EX-04 예산: 항목 합계=소계, 예비비 10%, 합계=소계+예비비 (오차 €1 이하) (FR-006, SC-003) (3.6s)
  ok 57 [desktop-1440] › tests\e2e\qa-explore.spec.ts:98:7 › 데이터 많음·정확성 › TC-EX-05 개요 지도 화면: 12구간·마커 목록 표시 (FR-011, SC-009b) (3.9s)
  ok 58 [desktop-1440] › tests\e2e\qa-explore.spec.ts:105:7 › 데이터 많음·정확성 › TC-EX-06 기록 목록: 12개 Day 링크, 합성 기록이 있는 Day는 건수 표시 (SCR-010, 데이터 있음) (4.6s)
  ok 59 [desktop-1440] › tests\e2e\qa-explore.spec.ts:116:7 › 내비게이션·상태 › TC-EX-07 하단 탭/헤더 링크 활성 상태와 이동 (NAV-002~010, 뒤로 가기) (6.2s)
  ok 60 [desktop-1440] › tests\e2e\qa-explore.spec.ts:131:7 › 내비게이션·상태 › TC-EX-08 일정 필터 탭 상태가 aria-selected로 전환되고 뒤로 가기 후에도 목록 유지 (SCR-002-EL-04) (5.5s)
  ok 61 [desktop-1440] › tests\e2e\qa-explore.spec.ts:144:7 › 내비게이션·상태 › TC-EX-09 Day 이전/다음 링크: Day 1은 이전 비활성, Day 12는 다음 비활성 (SCR-003-EL-25·26, 경계값) (5.6s)
  ok 62 [desktop-1440] › tests\e2e\qa-explore.spec.ts:152:7 › 내비게이션·상태 › TC-EX-10 비로그인 계정 메뉴는 '로그인' 링크만, 현재 경로를 next로 전달 (SCR-018-EL-01) (2.6s)
  ok 63 [desktop-1440] › tests\e2e\qa-explore.spec.ts:159:7 › 내비게이션·상태 › TC-EX-11 오프라인 안내 화면 /offline: 캐시 없음 문구와 홈 복귀 (SCR-013) (2.1s)
  ok 64 [desktop-1440] › tests\e2e\qa-explore.spec.ts:165:7 › 내비게이션·상태 › TC-EX-12 홈은 모든 화면 크기에서 핵심 지표 5개와 빠른 링크 5개 표시 (SCR-001 반응형, SC-005) (3.2s)
  ok 65 [desktop-1440] › tests\e2e\qa-explore.spec.ts:174:7 › 내비게이션·상태 › TC-EX-13 키보드 탐색: 로그인 폼 Tab 순서와 비밀번호 표시 토글 (접근성 NFR) (5.2s)
  ok 66 [desktop-1440] › tests\e2e\qa-p1.spec.ts:43:7 › P1 인증·입력 검증 › TC-P1-01 로그인 빈 값 제출: 필드 오류·이메일 포커스 (SCR-015, 빈 값) (3.0s)
  ok 67 [desktop-1440] › tests\e2e\qa-p1.spec.ts:53:7 › P1 인증·입력 검증 › TC-P1-02 회원가입 입력 검증: 이메일 형식·비밀번호 7자 경계·확인 불일치 (SCR-016, FR-019, 잘못된 입력·경계값) (3.8s)
  ok 68 [desktop-1440] › tests\e2e\qa-p1.spec.ts:148:7 › P1 인증·입력 검증 › TC-P1-07 인증 콜백 코드 없음·잘못된 코드 → 경로별 로그인 화면과 오류 문구 (SCR-017, SC-020) (5.5s)
  -  69 [desktop-1440] › tests\e2e\qa-p1.spec.ts:161:7 › P1 인증·입력 검증 › TC-P1-08 [차단] 콜백 성공 시 기본 이동 경로 '/' (SYNC-01)
  ok 70 [desktop-1440] › tests\e2e\qa-p1.spec.ts:165:7 › P1 인증·입력 검증 › TC-P1-09 리더·팀원 magic link 폼은 존재하고 빈 값 제출 시 클라이언트 검증 (SCR-007·012, 이메일 미발송) (3.7s)
  ok 71 [desktop-1440] › tests\e2e\qa-p1.spec.ts:215:7 › P1 세션·이탈·뒤로 가기 › TC-P1-12 손상된 인증 쿠키 값은 오류 화면 없이 비로그인 처리 (잘못된 입력) (8.7s)
  ok 72 [desktop-1440] › tests\e2e\qa-p1.spec.ts:469:7 › P1 팀원 기록 › TC-P1-31 기록 없는 Day: '아직 기록이 없습니다.' (SCR-011 빈 상태, 데이터 없음) (2.1s)
  ok 73 [desktop-1440] › tests\e2e\qa-p1.spec.ts:583:7 › P1 공개 화면 오류·오프라인 › TC-P1-50 예약 상태 조회 실패: 오류 문구와 마지막 갱신 시각, 화면은 유지 (SCR-003-EL-10, Edge 예약 상태 서버 오류, 서버 오류) (33.5s)
  ok 74 [desktop-1440] › tests\e2e\qa-p1.spec.ts:612:7 › P1 공개 화면 오류·오프라인 › TC-P1-52 존재하지 않는 경로·잘못된 dayId는 404 안내와 홈 복귀 링크 (SCR-014, 잘못된 입력) (3.3s)
  ok 75 [desktop-1440] › tests\e2e\qa-p1.spec.ts:620:7 › P1 공개 화면 오류·오프라인 › TC-P1-52b 존재하지 않는 경로·dayId의 HTTP 상태는 404 (SCR-011 'Next.js 404 페이지', SCR-014) (370ms)
  ok 76 [desktop-1440] › tests\e2e\qa-p1.spec.ts:627:7 › P1 공개 화면 오류·오프라인 › TC-P1-53 관리자 API: 14개 숙박 ID 전부 비로그인 401/403, 존재하지 않는 ID는 5xx 아님 (SC-007, 권한 없는 접근) (3.7s)
  ok 77 [desktop-1440] › tests\e2e\qa-p1.spec.ts:639:7 › P1 공개 화면 오류·오프라인 › TC-P1-54 공개 예약 API: 14건·상태 필드만·쓰기 메서드 거부 (SC-007, FR-010) (1.4s)
  ok 78 [desktop-1440] › tests\e2e\qa-p1.spec.ts:648:7 › P1 공개 화면 오류·오프라인 › TC-P1-55 production 스모크: SCR-001·006·009·015 200, 콘솔 오류 0건 (SC-024) (10.4s)

  2 skipped
  76 passed (7.1m)
